val ans : ((string * (bool * bool * bool)) * (string * (bool * bool)) * (string * bool) * (string * bool)) = (("compare", (true, true, true)), ("kind", (true, true)), ("pollDescA", true), ("pollDescB", true))
val applyToInDesc : string -> (Posix.iodesc -> 'a) -> 'a = fn
val applyToOutDesc : string -> (Posix.iodesc -> 'a) -> 'a = fn
val compare_test : (Posix.iodesc * Posix.iodesc) -> (bool * bool * bool) = fn
val kind_test : (Posix.iodesc * Posix.iodesc) -> (bool * bool) = fn
val pollDesc_test : Posix.iodesc -> bool = fn
