test_length_1:OK
test_length_2:OK
test_length_3:OK
test_length_4:OK
test_length_5:OK
test_length_6:OK
test_sub_1:OK
test_sub_2:OK
test_sub_3:OK
test_sub_4:OK
test_sub_2_5:OKEXN
test_sub_2_6:OKEXN
test_sub_2_7:OKEXN
test_sub_2_8:OKEXN
test_slice_1:OK
test_slice_2:OK
test_slice_3:OK
test_slice_4:OK
test_slice_5:OK
test_slice_6:OK
test_slice_7:OK
test_slice_8:OK
test_slice_9:OK
test_slice_10:OK
test_slice_2_1:OKEXN
test_slice_2_2:OKEXN
test_slice_2_3:OKEXN
test_slice_2_4:OKEXN
test_slice_2_5:OKEXN
test_slice_2_6:OKEXN
test_slice_2_7:OKEXN
test_slice_2_8:OKEXN
test_slice_2_9:OKEXN
test_slice_2_10:OKEXN
test_slice_2_11:OKEXN
test_slice_2_12:OKEXN
test_slice_2_13:OKEXN
test_subslice_1:OK
test_subslice_2:OK
test_subslice_3:OK
test_subslice_4:OK
test_subslice_5:OK
test_subslice_6:OK
test_subslice_7:OK
test_subslice_8:OK
test_subslice_9:OK
test_subslice_10:OK
test_subslice_2_1:OKEXN
test_subslice_2_2:OKEXN
test_subslice_2_3:OKEXN
test_subslice_2_4:OKEXN
test_subslice_2_5:OKEXN
test_subslice_2_6:OKEXN
test_subslice_2_7:OKEXN
test_subslice_2_8:OKEXN
test_subslice_2_9:OKEXN
test_subslice_2_10:OKEXN
test_subslice_2_11:OKEXN
test_subslice_2_12:OKEXN
test_subslice_2_13:OKEXN
test_base_1:OK
test_base_2:OK
test_base_3:OK
test_base_4:OK
test_base_5:OK
test_base_6:OK
test_base_7:OK
test_base_8:OK
test_vector_1:OK
test_vector_2:OK
test_vector_3:OK
test_concat_1:OK
test_concat_2:OK
test_concat_3:OK
test_concat_4:OK
test_concat_5:OK
test_concat_6:OK
test_isEmtpy_1:OK
test_isEmtpy_1:OK
test_isEmtpy_2:OK
test_getItem_1:OK
test_getItem_2:OK
test_appi_1:OK
test_appi_2:OK
test_app_1:OK
test_app_2:OK
test_mapi_1:OK
test_mapi_2:OK
test_mapi_3:OK
test_map_1:OK
test_map_2:OK
test_map_3:OK
test_foldli_1:OK
test_foldli_2:OK
test_foldli_3:OK
test_foldri_1:OK
test_foldri_2:OK
test_foldri_3:OK
test_foldl_1:OK
test_foldl_2:OK
test_foldl_3:OK
test_foldr_1:OK
test_foldr_2:OK
test_foldr_3:OK
test_findi_1:OK
test_findi_2:OK
test_findi_3:OK
test_findi_4:OK
test_find_1:OK
test_find_2:OK
test_find_3:OK
test_find_4:OK
test_find_5:OK
test_find_6:OK
test_exists_1:OK
test_exists_2:OK
test_exists_3:OK
test_exists_4:OK
test_exists_5:OK
test_exists_6:OK
test_all_1:OK
test_all_2:OK
test_all_3:OK
test_all_4:OK
test_all_5:OK
test_all_6:OK
test_collate_1:OK
test_collate_2:OK
test_collate_3:OK
test_collate_4:OK
test_collate_5:OK
test_collate_6:OK
